// Jest Snapshot v1, https://goo.gl/fbAQLP

exports[`should match DOM snapshot 1`] = `
<DocumentFragment>
  <div
    class="counter"
  >
    <button
      data-testid="increment"
    >
      +
    </button>
    <p
      data-testid="counter"
    >
      1
    </p>
    <button
      data-testid="decrement"
    >
      -
    </button>
  </div>
</DocumentFragment>
`;
